Traceback (most recent call last):
  File "/Users/m/Uni/FoPra/Classes/Search.py", line 37, in read_search_page
    event.summarise()
  File "/Users/m/Uni/FoPra/Classes/Event.py", line 16, in summarise
    permalink = self.get_permalink()
  File "/Users/m/Uni/FoPra/Classes/Event.py", line 53, in get_permalink
    permalinks = re.findall('data-page-permalink="true">(.*)<', self.html)
  File "/Library/Frameworks/Python.framework/Versions/3.6/lib/python3.6/re.py", line 222, in findall
    return _compile(pattern, flags).findall(string)
TypeError: expected string or bytes-like object

During handling of the above exception, another exception occurred:

Traceback (most recent call last):
  File "ReadOnePage.py", line 18, in <module>
    search.read_search_page(page_n)
  File "/Users/m/Uni/FoPra/Classes/Search.py", line 40, in read_search_page
    self.click_wait('showEvent:backButtonTop')
  File "/Users/m/Uni/FoPra/Classes/Search.py", line 82, in click_wait
    raise Exception("Element not found. Timeout \nAttempts:{} \nLast Attempt (secs before error): {} \nID: {}".format(counter, time.time() - attempt_time, element_id))
Exception: Element not found. Timeout 
Attempts:35326 
Last Attempt (secs before error): 9.059906005859375e-06 
ID: showEvent:backButtonTop
